/home/runner/work/springBootRestAPI/springBootRestAPI/src/main/java/com/ivan/aksionau/springBootRestAPI/utils/JsonDataManager.java
/home/runner/work/springBootRestAPI/springBootRestAPI/src/main/java/com/ivan/aksionau/springBootRestAPI/BaseConfiguration.java
/home/runner/work/springBootRestAPI/springBootRestAPI/src/main/java/com/ivan/aksionau/springBootRestAPI/service/EmployeeService.java
/home/runner/work/springBootRestAPI/springBootRestAPI/src/main/java/com/ivan/aksionau/springBootRestAPI/model/Address.java
/home/runner/work/springBootRestAPI/springBootRestAPI/src/main/java/com/ivan/aksionau/springBootRestAPI/SpringBootRestApiApplication.java
/home/runner/work/springBootRestAPI/springBootRestAPI/src/main/java/com/ivan/aksionau/springBootRestAPI/validation/AllowedKey.java
/home/runner/work/springBootRestAPI/springBootRestAPI/src/main/java/com/ivan/aksionau/springBootRestAPI/controller/EmployeeController.java
/home/runner/work/springBootRestAPI/springBootRestAPI/src/main/java/com/ivan/aksionau/springBootRestAPI/validation/ValidationConfig.java
/home/runner/work/springBootRestAPI/springBootRestAPI/src/main/java/com/ivan/aksionau/springBootRestAPI/model/Employee.java
/home/runner/work/springBootRestAPI/springBootRestAPI/src/main/java/com/ivan/aksionau/springBootRestAPI/validation/EmployeeQueryParametersValidator.java
