/home/runner/work/springBootRestAPI/springBootRestAPI/src/test/java/com/ivan/aksionau/steps/GetPostSteps.java
/home/runner/work/springBootRestAPI/springBootRestAPI/src/test/java/com/ivan/aksionau/test/EmployeeControllerIntegrationTest.java
/home/runner/work/springBootRestAPI/springBootRestAPI/src/test/java/com/ivan/aksionau/steps/Hooks.java
/home/runner/work/springBootRestAPI/springBootRestAPI/src/test/java/com/ivan/aksionau/test/BaseTest.java
/home/runner/work/springBootRestAPI/springBootRestAPI/src/test/java/com/ivan/aksionau/runner/TestRunner.java
/home/runner/work/springBootRestAPI/springBootRestAPI/src/test/java/com/ivan/aksionau/BaseTestConfiguration.java
/home/runner/work/springBootRestAPI/springBootRestAPI/src/test/java/com/ivan/aksionau/test/BaseUriTest.java
/home/runner/work/springBootRestAPI/springBootRestAPI/src/test/java/com/ivan/aksionau/steps/CucumberTestContextConfig.java
/home/runner/work/springBootRestAPI/springBootRestAPI/src/test/java/com/ivan/aksionau/test/MockMvcSpringBootTest.java
/home/runner/work/springBootRestAPI/springBootRestAPI/src/test/java/com/ivan/aksionau/utils/RestAssuredExtension.java
